  0%|          | 0/2000 [00:00<?, ?it/s]/root/miniconda3/envs/myc_lf_py312/lib/python3.12/multiprocessing/popen_fork.py:66: DeprecationWarning: This process (pid=1621937) is multi-threaded, use of fork() may lead to deadlocks in the child.
  self.pid = os.fork()

  0%|          | 1/2000 [04:33<151:59:27, 273.72s/it]
                                                     
{'loss': '1.565', 'grad_norm': '0.791', 'learning_rate': '0', 'epoch': '0.008'}

  0%|          | 1/2000 [04:34<151:59:27, 273.72s/it]
  0%|          | 2/2000 [04:51<68:24:49, 123.27s/it] 
                                                    
{'loss': '1.264', 'grad_norm': '0.5938', 'learning_rate': '5e-08', 'epoch': '0.016'}

  0%|          | 2/2000 [04:51<68:24:49, 123.27s/it]
  0%|          | 3/2000 [05:04<40:19:10, 72.68s/it] 
                                                   
{'loss': '1.485', 'grad_norm': '1.485', 'learning_rate': '1e-07', 'epoch': '0.024'}

  0%|          | 3/2000 [05:04<40:19:10, 72.68s/it]
  0%|          | 4/2000 [05:11<26:05:50, 47.07s/it]
                                                   
{'loss': '2.502', 'grad_norm': '1.417', 'learning_rate': '1.5e-07', 'epoch': '0.032'}

  0%|          | 4/2000 [05:12<26:05:50, 47.07s/it]
  0%|          | 5/2000 [05:29<20:15:40, 36.56s/it]
                                                   
{'loss': '1.333', 'grad_norm': '0.5511', 'learning_rate': '2e-07', 'epoch': '0.04'}

  0%|          | 5/2000 [05:29<20:15:40, 36.56s/it]
  0%|          | 6/2000 [05:39<15:08:22, 27.33s/it]
                                                   
{'loss': '1.594', 'grad_norm': '0.6188', 'learning_rate': '2.5e-07', 'epoch': '0.048'}

  0%|          | 6/2000 [05:39<15:08:22, 27.33s/it]
  0%|          | 7/2000 [05:49<12:02:38, 21.76s/it]
                                                   
{'loss': '1.613', 'grad_norm': '0.8883', 'learning_rate': '3e-07', 'epoch': '0.056'}

  0%|          | 7/2000 [05:49<12:02:38, 21.76s/it]
  0%|          | 8/2000 [06:01<10:15:09, 18.53s/it]
                                                   
{'loss': '1.459', 'grad_norm': '0.616', 'learning_rate': '3.5e-07', 'epoch': '0.064'}

  0%|          | 8/2000 [06:01<10:15:09, 18.53s/it]
  0%|          | 9/2000 [06:17<9:50:14, 17.79s/it] 
                                                  
{'loss': '1.697', 'grad_norm': '0.7711', 'learning_rate': '4e-07', 'epoch': '0.072'}

  0%|          | 9/2000 [06:17<9:50:14, 17.79s/it]
  0%|          | 10/2000 [06:27<8:32:59, 15.47s/it]
                                                   
{'loss': '1.233', 'grad_norm': '0.6043', 'learning_rate': '4.5e-07', 'epoch': '0.08'}

  0%|          | 10/2000 [06:27<8:32:59, 15.47s/it]
  1%|          | 11/2000 [06:39<7:57:32, 14.41s/it]
                                                   
{'loss': '1.44', 'grad_norm': '0.7735', 'learning_rate': '5e-07', 'epoch': '0.088'}

  1%|          | 11/2000 [06:39<7:57:32, 14.41s/it]
  1%|          | 12/2000 [06:50<7:17:50, 13.21s/it]
                                                   
{'loss': '1.656', 'grad_norm': '0.5508', 'learning_rate': '5.5e-07', 'epoch': '0.096'}

  1%|          | 12/2000 [06:50<7:17:50, 13.21s/it]
  1%|          | 13/2000 [07:01<7:02:53, 12.77s/it]
                                                   
{'loss': '1.181', 'grad_norm': '0.4889', 'learning_rate': '6e-07', 'epoch': '0.104'}

  1%|          | 13/2000 [07:01<7:02:53, 12.77s/it]
  1%|          | 14/2000 [07:10<6:24:58, 11.63s/it]
                                                   
{'loss': '1.54', 'grad_norm': '1.121', 'learning_rate': '6.5e-07', 'epoch': '0.112'}

  1%|          | 14/2000 [07:10<6:24:58, 11.63s/it]
  1%|          | 15/2000 [07:18<5:48:50, 10.54s/it]
                                                   
{'loss': '1.302', 'grad_norm': '0.3578', 'learning_rate': '7e-07', 'epoch': '0.12'}

  1%|          | 15/2000 [07:18<5:48:50, 10.54s/it]
  1%|          | 16/2000 [07:30<5:59:01, 10.86s/it]
                                                   
{'loss': '1.491', 'grad_norm': '0.9286', 'learning_rate': '7.5e-07', 'epoch': '0.128'}

  1%|          | 16/2000 [07:30<5:59:01, 10.86s/it]
  1%|          | 17/2000 [07:40<5:54:27, 10.72s/it]
                                                   
{'loss': '1.582', 'grad_norm': '0.7957', 'learning_rate': '8e-07', 'epoch': '0.136'}

  1%|          | 17/2000 [07:40<5:54:27, 10.72s/it]
  1%|          | 18/2000 [07:52<5:58:48, 10.86s/it]
                                                   
{'loss': '1.444', 'grad_norm': '0.319', 'learning_rate': '8.5e-07', 'epoch': '0.144'}

  1%|          | 18/2000 [07:52<5:58:48, 10.86s/it]
  1%|          | 19/2000 [08:01<5:42:25, 10.37s/it]
                                                   
{'loss': '2.021', 'grad_norm': '0.906', 'learning_rate': '9e-07', 'epoch': '0.152'}

  1%|          | 19/2000 [08:01<5:42:25, 10.37s/it]
  1%|          | 20/2000 [08:09<5:19:10,  9.67s/it]
                                                   
{'loss': '1.291', 'grad_norm': '0.5688', 'learning_rate': '9.5e-07', 'epoch': '0.16'}

  1%|          | 20/2000 [08:09<5:19:10,  9.67s/it]
  1%|          | 21/2000 [08:17<5:07:27,  9.32s/it]
                                                   
{'loss': '1.631', 'grad_norm': '0.6672', 'learning_rate': '1e-06', 'epoch': '0.168'}

  1%|          | 21/2000 [08:17<5:07:27,  9.32s/it]
  1%|          | 22/2000 [08:26<4:58:41,  9.06s/it]
                                                   
{'loss': '1.443', 'grad_norm': '0.6094', 'learning_rate': '1.05e-06', 'epoch': '0.176'}

  1%|          | 22/2000 [08:26<4:58:41,  9.06s/it]
  1%|          | 23/2000 [08:34<4:53:57,  8.92s/it]
                                                   
{'loss': '1.779', 'grad_norm': '0.7648', 'learning_rate': '1.1e-06', 'epoch': '0.184'}

  1%|          | 23/2000 [08:34<4:53:57,  8.92s/it]
  1%|          | 24/2000 [08:44<4:56:08,  8.99s/it]
                                                   
{'loss': '1.325', 'grad_norm': '0.4929', 'learning_rate': '1.15e-06', 'epoch': '0.192'}

  1%|          | 24/2000 [08:44<4:56:08,  8.99s/it]
  1%|▏         | 25/2000 [08:53<4:57:01,  9.02s/it]
                                                   
{'loss': '1.448', 'grad_norm': '0.526', 'learning_rate': '1.2e-06', 'epoch': '0.2'}

  1%|▏         | 25/2000 [08:53<4:57:01,  9.02s/it]
  1%|▏         | 26/2000 [09:00<4:42:53,  8.60s/it]
                                                   
{'loss': '1.597', 'grad_norm': '0.6203', 'learning_rate': '1.25e-06', 'epoch': '0.208'}

  1%|▏         | 26/2000 [09:00<4:42:53,  8.60s/it]
  1%|▏         | 27/2000 [09:10<4:54:27,  8.95s/it]
                                                   
{'loss': '1.597', 'grad_norm': '0.849', 'learning_rate': '1.3e-06', 'epoch': '0.216'}

  1%|▏         | 27/2000 [09:10<4:54:27,  8.95s/it]
  1%|▏         | 28/2000 [09:18<4:48:44,  8.79s/it]
                                                   
{'loss': '1.527', 'grad_norm': '0.5229', 'learning_rate': '1.35e-06', 'epoch': '0.224'}

  1%|▏         | 28/2000 [09:18<4:48:44,  8.79s/it]
  1%|▏         | 29/2000 [09:26<4:39:16,  8.50s/it]
                                                   
{'loss': '1.708', 'grad_norm': '0.8214', 'learning_rate': '1.4e-06', 'epoch': '0.232'}

  1%|▏         | 29/2000 [09:26<4:39:16,  8.50s/it]
  2%|▏         | 30/2000 [09:36<4:47:07,  8.75s/it]
                                                   
{'loss': '1.286', 'grad_norm': '0.6865', 'learning_rate': '1.45e-06', 'epoch': '0.24'}

  2%|▏         | 30/2000 [09:36<4:47:07,  8.75s/it]
  2%|▏         | 31/2000 [09:44<4:41:17,  8.57s/it]
                                                   
{'loss': '1.672', 'grad_norm': '0.9298', 'learning_rate': '1.5e-06', 'epoch': '0.248'}

  2%|▏         | 31/2000 [09:44<4:41:17,  8.57s/it]
  2%|▏         | 32/2000 [09:53<4:47:56,  8.78s/it]
                                                   
{'loss': '1.28', 'grad_norm': '0.5333', 'learning_rate': '1.55e-06', 'epoch': '0.256'}

  2%|▏         | 32/2000 [09:53<4:47:56,  8.78s/it]
  2%|▏         | 33/2000 [10:02<4:47:17,  8.76s/it]
                                                   
{'loss': '1.449', 'grad_norm': '0.9031', 'learning_rate': '1.6e-06', 'epoch': '0.264'}

  2%|▏         | 33/2000 [10:02<4:47:17,  8.76s/it]
  2%|▏         | 34/2000 [10:10<4:40:57,  8.57s/it]
                                                   
{'loss': '1.735', 'grad_norm': '0.7192', 'learning_rate': '1.65e-06', 'epoch': '0.272'}

  2%|▏         | 34/2000 [10:10<4:40:57,  8.57s/it]
  2%|▏         | 35/2000 [10:19<4:45:02,  8.70s/it]
                                                   
{'loss': '1.394', 'grad_norm': '0.5375', 'learning_rate': '1.7e-06', 'epoch': '0.28'}

  2%|▏         | 35/2000 [10:19<4:45:02,  8.70s/it]
  2%|▏         | 36/2000 [10:27<4:43:30,  8.66s/it]
                                                   
{'loss': '1.937', 'grad_norm': '1.483', 'learning_rate': '1.75e-06', 'epoch': '0.288'}

  2%|▏         | 36/2000 [10:28<4:43:30,  8.66s/it]
  2%|▏         | 37/2000 [10:36<4:39:54,  8.56s/it]
                                                   
{'loss': '1.738', 'grad_norm': '0.9047', 'learning_rate': '1.8e-06', 'epoch': '0.296'}

  2%|▏         | 37/2000 [10:36<4:39:54,  8.56s/it]
  2%|▏         | 38/2000 [10:46<4:53:04,  8.96s/it]
                                                   
{'loss': '1.115', 'grad_norm': '0.2865', 'learning_rate': '1.85e-06', 'epoch': '0.304'}

  2%|▏         | 38/2000 [10:46<4:53:04,  8.96s/it]
  2%|▏         | 39/2000 [10:54<4:48:41,  8.83s/it]
                                                   
{'loss': '1.517', 'grad_norm': '0.9394', 'learning_rate': '1.9e-06', 'epoch': '0.312'}

  2%|▏         | 39/2000 [10:54<4:48:41,  8.83s/it]
  2%|▏         | 40/2000 [11:03<4:45:08,  8.73s/it]
                                                   
{'loss': '1.464', 'grad_norm': '0.7041', 'learning_rate': '1.95e-06', 'epoch': '0.32'}

  2%|▏         | 40/2000 [11:03<4:45:08,  8.73s/it]
  2%|▏         | 41/2000 [11:12<4:53:16,  8.98s/it]
                                                   
{'loss': '1.014', 'grad_norm': '0.4638', 'learning_rate': '2e-06', 'epoch': '0.328'}

  2%|▏         | 41/2000 [11:12<4:53:16,  8.98s/it]
  2%|▏         | 42/2000 [11:20<4:45:22,  8.74s/it]
                                                   
{'loss': '1.454', 'grad_norm': '0.7261', 'learning_rate': '2.05e-06', 'epoch': '0.336'}

  2%|▏         | 42/2000 [11:20<4:45:22,  8.74s/it]
  2%|▏         | 43/2000 [11:38<6:14:38, 11.49s/it]
                                                   
{'loss': '1.622', 'grad_norm': '0.9685', 'learning_rate': '2.1e-06', 'epoch': '0.344'}

  2%|▏         | 43/2000 [11:38<6:14:38, 11.49s/it]
  2%|▏         | 44/2000 [11:49<6:07:12, 11.26s/it]
                                                   
{'loss': '1.163', 'grad_norm': '0.5223', 'learning_rate': '2.15e-06', 'epoch': '0.352'}

  2%|▏         | 44/2000 [11:49<6:07:12, 11.26s/it]
  2%|▏         | 45/2000 [11:57<5:38:47, 10.40s/it]
                                                   
{'loss': '1.601', 'grad_norm': '0.6703', 'learning_rate': '2.2e-06', 'epoch': '0.36'}

  2%|▏         | 45/2000 [11:58<5:38:47, 10.40s/it]
  2%|▏         | 46/2000 [12:07<5:27:39, 10.06s/it]
                                                   
{'loss': '1.802', 'grad_norm': '1.221', 'learning_rate': '2.25e-06', 'epoch': '0.368'}

  2%|▏         | 46/2000 [12:07<5:27:39, 10.06s/it]
  2%|▏         | 47/2000 [12:17<5:34:01, 10.26s/it]
                                                   
{'loss': '1.778', 'grad_norm': '1.348', 'learning_rate': '2.3e-06', 'epoch': '0.376'}

  2%|▏         | 47/2000 [12:17<5:34:01, 10.26s/it]
  2%|▏         | 48/2000 [12:26<5:20:06,  9.84s/it]
                                                   
{'loss': '1.249', 'grad_norm': '0.6989', 'learning_rate': '2.35e-06', 'epoch': '0.384'}

  2%|▏         | 48/2000 [12:26<5:20:06,  9.84s/it]
  2%|▏         | 49/2000 [12:35<5:11:54,  9.59s/it]
                                                   
{'loss': '1.475', 'grad_norm': '0.3698', 'learning_rate': '2.4e-06', 'epoch': '0.392'}

  2%|▏         | 49/2000 [12:35<5:11:54,  9.59s/it]
  2%|▎         | 50/2000 [12:44<5:03:53,  9.35s/it]
                                                   
{'loss': '1.402', 'grad_norm': '0.6057', 'learning_rate': '2.45e-06', 'epoch': '0.4'}

  2%|▎         | 50/2000 [12:44<5:03:53,  9.35s/it]
  3%|▎         | 51/2000 [12:53<4:57:11,  9.15s/it]
                                                   
{'loss': '1.527', 'grad_norm': '0.9674', 'learning_rate': '2.5e-06', 'epoch': '0.408'}

  3%|▎         | 51/2000 [12:53<4:57:11,  9.15s/it]
  3%|▎         | 52/2000 [13:02<4:52:50,  9.02s/it]
                                                   
{'loss': '1.446', 'grad_norm': '0.4932', 'learning_rate': '2.55e-06', 'epoch': '0.416'}

  3%|▎         | 52/2000 [13:02<4:52:50,  9.02s/it]
  3%|▎         | 53/2000 [13:13<5:19:01,  9.83s/it]
                                                   
{'loss': '1.219', 'grad_norm': '0.5271', 'learning_rate': '2.6e-06', 'epoch': '0.424'}

  3%|▎         | 53/2000 [13:13<5:19:01,  9.83s/it]
  3%|▎         | 54/2000 [13:22<5:06:45,  9.46s/it]
                                                   
{'loss': '1.386', 'grad_norm': '0.7424', 'learning_rate': '2.65e-06', 'epoch': '0.432'}

  3%|▎         | 54/2000 [13:22<5:06:45,  9.46s/it]
  3%|▎         | 55/2000 [13:30<4:53:32,  9.06s/it]
                                                   
{'loss': '1.61', 'grad_norm': '0.8005', 'learning_rate': '2.7e-06', 'epoch': '0.44'}

  3%|▎         | 55/2000 [13:30<4:53:32,  9.06s/it]
  3%|▎         | 56/2000 [13:40<4:59:33,  9.25s/it]
                                                   
{'loss': '1.276', 'grad_norm': '0.5143', 'learning_rate': '2.75e-06', 'epoch': '0.448'}

  3%|▎         | 56/2000 [13:40<4:59:33,  9.25s/it]
  3%|▎         | 57/2000 [13:48<4:55:06,  9.11s/it]
                                                   
{'loss': '1.362', 'grad_norm': '0.4679', 'learning_rate': '2.8e-06', 'epoch': '0.456'}

  3%|▎         | 57/2000 [13:49<4:55:06,  9.11s/it]
  3%|▎         | 58/2000 [13:57<4:47:51,  8.89s/it]
                                                   
{'loss': '1.479', 'grad_norm': '0.8932', 'learning_rate': '2.85e-06', 'epoch': '0.464'}

  3%|▎         | 58/2000 [13:57<4:47:51,  8.89s/it]
  3%|▎         | 59/2000 [14:06<4:47:43,  8.89s/it]
                                                   
{'loss': '1.586', 'grad_norm': '0.9646', 'learning_rate': '2.9e-06', 'epoch': '0.472'}

  3%|▎         | 59/2000 [14:06<4:47:43,  8.89s/it]
  3%|▎         | 60/2000 [14:14<4:45:00,  8.81s/it]
                                                   
{'loss': '1.453', 'grad_norm': '0.698', 'learning_rate': '2.95e-06', 'epoch': '0.48'}

  3%|▎         | 60/2000 [14:14<4:45:00,  8.81s/it]
  3%|▎         | 61/2000 [14:23<4:43:08,  8.76s/it]
                                                   
{'loss': '1.449', 'grad_norm': '0.717', 'learning_rate': '3e-06', 'epoch': '0.488'}

  3%|▎         | 61/2000 [14:23<4:43:08,  8.76s/it]
  3%|▎         | 62/2000 [14:33<4:52:33,  9.06s/it]
                                                   
{'loss': '1.688', 'grad_norm': '0.7532', 'learning_rate': '3.05e-06', 'epoch': '0.496'}

  3%|▎         | 62/2000 [14:33<4:52:33,  9.06s/it]
  3%|▎         | 63/2000 [14:40<4:37:45,  8.60s/it]
                                                   
{'loss': '1.197', 'grad_norm': '0.5888', 'learning_rate': '3.1e-06', 'epoch': '0.504'}

  3%|▎         | 63/2000 [14:40<4:37:45,  8.60s/it]
  3%|▎         | 64/2000 [14:49<4:38:52,  8.64s/it]
                                                   
{'loss': '1.633', 'grad_norm': '0.8553', 'learning_rate': '3.15e-06', 'epoch': '0.512'}

  3%|▎         | 64/2000 [14:49<4:38:52,  8.64s/it]
  3%|▎         | 65/2000 [14:58<4:41:48,  8.74s/it]
                                                   
{'loss': '1.259', 'grad_norm': '0.4429', 'learning_rate': '3.2e-06', 'epoch': '0.52'}

  3%|▎         | 65/2000 [14:58<4:41:48,  8.74s/it]
  3%|▎         | 66/2000 [15:06<4:38:38,  8.64s/it]
                                                   
{'loss': '1.575', 'grad_norm': '0.8596', 'learning_rate': '3.25e-06', 'epoch': '0.528'}

  3%|▎         | 66/2000 [15:06<4:38:38,  8.64s/it]
  3%|▎         | 67/2000 [15:16<4:51:52,  9.06s/it]
                                                   
{'loss': '1.962', 'grad_norm': '1.359', 'learning_rate': '3.3e-06', 'epoch': '0.536'}

  3%|▎         | 67/2000 [15:16<4:51:52,  9.06s/it]
  3%|▎         | 68/2000 [15:34<6:12:25, 11.57s/it]
                                                   
{'loss': '1.408', 'grad_norm': '0.5297', 'learning_rate': '3.35e-06', 'epoch': '0.544'}

  3%|▎         | 68/2000 [15:34<6:12:25, 11.57s/it]
  3%|▎         | 69/2000 [15:43<5:45:31, 10.74s/it]
                                                   
{'loss': '1.327', 'grad_norm': '0.7383', 'learning_rate': '3.4e-06', 'epoch': '0.552'}

  3%|▎         | 69/2000 [15:43<5:45:31, 10.74s/it]
  4%|▎         | 70/2000 [15:53<5:38:55, 10.54s/it]
                                                   
{'loss': '0.9805', 'grad_norm': '0.3838', 'learning_rate': '3.45e-06', 'epoch': '0.56'}

  4%|▎         | 70/2000 [15:53<5:38:55, 10.54s/it]
  4%|▎         | 71/2000 [16:01<5:20:00,  9.95s/it]
                                                   
{'loss': '1.305', 'grad_norm': '0.7221', 'learning_rate': '3.5e-06', 'epoch': '0.568'}

  4%|▎         | 71/2000 [16:01<5:20:00,  9.95s/it]
  4%|▎         | 72/2000 [16:10<5:08:34,  9.60s/it]
                                                   
{'loss': '1.308', 'grad_norm': '0.5445', 'learning_rate': '3.55e-06', 'epoch': '0.576'}

  4%|▎         | 72/2000 [16:10<5:08:34,  9.60s/it]
  4%|▎         | 73/2000 [16:20<5:06:53,  9.56s/it]
                                                   
{'loss': '1.39', 'grad_norm': '0.591', 'learning_rate': '3.6e-06', 'epoch': '0.584'}

  4%|▎         | 73/2000 [16:20<5:06:53,  9.56s/it]
  4%|▎         | 74/2000 [16:29<5:04:04,  9.47s/it]
                                                   
{'loss': '1.352', 'grad_norm': '0.9999', 'learning_rate': '3.65e-06', 'epoch': '0.592'}

  4%|▎         | 74/2000 [16:29<5:04:04,  9.47s/it]
  4%|▍         | 75/2000 [16:38<5:04:19,  9.49s/it]
                                                   
{'loss': '1.226', 'grad_norm': '0.3948', 'learning_rate': '3.7e-06', 'epoch': '0.6'}

  4%|▍         | 75/2000 [16:38<5:04:19,  9.49s/it]
  4%|▍         | 76/2000 [16:47<4:53:13,  9.14s/it]
                                                   
{'loss': '1.471', 'grad_norm': '0.6938', 'learning_rate': '3.75e-06', 'epoch': '0.608'}

  4%|▍         | 76/2000 [16:47<4:53:13,  9.14s/it]
  4%|▍         | 77/2000 [16:55<4:43:59,  8.86s/it]
                                                   
{'loss': '1.869', 'grad_norm': '1.68', 'learning_rate': '3.8e-06', 'epoch': '0.616'}

  4%|▍         | 77/2000 [16:55<4:43:59,  8.86s/it]
  4%|▍         | 78/2000 [17:05<4:52:31,  9.13s/it]
                                                   
{'loss': '1.332', 'grad_norm': '0.6121', 'learning_rate': '3.85e-06', 'epoch': '0.624'}

  4%|▍         | 78/2000 [17:05<4:52:31,  9.13s/it]
  4%|▍         | 79/2000 [17:13<4:46:59,  8.96s/it]
                                                   
{'loss': '1.402', 'grad_norm': '0.6391', 'learning_rate': '3.9e-06', 'epoch': '0.632'}

  4%|▍         | 79/2000 [17:13<4:46:59,  8.96s/it]
  4%|▍         | 80/2000 [17:22<4:49:12,  9.04s/it]
                                                   
{'loss': '1.402', 'grad_norm': '0.8088', 'learning_rate': '3.95e-06', 'epoch': '0.64'}

  4%|▍         | 80/2000 [17:22<4:49:12,  9.04s/it]
  4%|▍         | 81/2000 [17:33<4:59:30,  9.36s/it]
                                                   
{'loss': '1.264', 'grad_norm': '0.3692', 'learning_rate': '4e-06', 'epoch': '0.648'}

  4%|▍         | 81/2000 [17:33<4:59:30,  9.36s/it]
  4%|▍         | 82/2000 [17:45<5:26:21, 10.21s/it]
                                                   
{'loss': '1.296', 'grad_norm': '0.5901', 'learning_rate': '4.05e-06', 'epoch': '0.656'}

  4%|▍         | 82/2000 [17:45<5:26:21, 10.21s/it]
  4%|▍         | 83/2000 [17:54<5:21:53, 10.07s/it]
                                                   
{'loss': '1.265', 'grad_norm': '0.4426', 'learning_rate': '4.1e-06', 'epoch': '0.664'}

  4%|▍         | 83/2000 [17:55<5:21:53, 10.07s/it]
  4%|▍         | 84/2000 [18:06<5:36:57, 10.55s/it]
                                                   
{'loss': '1.269', 'grad_norm': '0.5135', 'learning_rate': '4.15e-06', 'epoch': '0.672'}

  4%|▍         | 84/2000 [18:06<5:36:57, 10.55s/it]
  4%|▍         | 85/2000 [18:14<5:11:34,  9.76s/it]
                                                   
{'loss': '1.436', 'grad_norm': '0.6291', 'learning_rate': '4.2e-06', 'epoch': '0.68'}

  4%|▍         | 85/2000 [18:14<5:11:34,  9.76s/it]
  4%|▍         | 86/2000 [18:24<5:10:40,  9.74s/it]
                                                   
{'loss': '1.347', 'grad_norm': '0.9501', 'learning_rate': '4.25e-06', 'epoch': '0.688'}

  4%|▍         | 86/2000 [18:24<5:10:40,  9.74s/it]
  4%|▍         | 87/2000 [18:33<5:01:27,  9.46s/it]
                                                   
{'loss': '1.32', 'grad_norm': '1.029', 'learning_rate': '4.3e-06', 'epoch': '0.696'}

  4%|▍         | 87/2000 [18:33<5:01:27,  9.46s/it]
  4%|▍         | 88/2000 [18:41<4:47:53,  9.03s/it]
                                                   
{'loss': '1.413', 'grad_norm': '0.7887', 'learning_rate': '4.35e-06', 'epoch': '0.704'}

  4%|▍         | 88/2000 [18:41<4:47:53,  9.03s/it]
  4%|▍         | 89/2000 [18:50<4:50:01,  9.11s/it]
                                                   
{'loss': '1.814', 'grad_norm': '0.9512', 'learning_rate': '4.4e-06', 'epoch': '0.712'}

  4%|▍         | 89/2000 [18:50<4:50:01,  9.11s/it]
  4%|▍         | 90/2000 [18:59<4:45:23,  8.97s/it]
                                                   
{'loss': '1.394', 'grad_norm': '0.6012', 'learning_rate': '4.45e-06', 'epoch': '0.72'}

  4%|▍         | 90/2000 [18:59<4:45:23,  8.97s/it]
  5%|▍         | 91/2000 [19:08<4:50:43,  9.14s/it]
                                                   
{'loss': '1.721', 'grad_norm': '1.087', 'learning_rate': '4.5e-06', 'epoch': '0.728'}

  5%|▍         | 91/2000 [19:08<4:50:43,  9.14s/it]
  5%|▍         | 92/2000 [19:17<4:47:36,  9.04s/it]
                                                   
{'loss': '1.07', 'grad_norm': '0.5094', 'learning_rate': '4.55e-06', 'epoch': '0.736'}

  5%|▍         | 92/2000 [19:17<4:47:36,  9.04s/it]
  5%|▍         | 93/2000 [19:26<4:45:35,  8.99s/it]
                                                   
{'loss': '0.9814', 'grad_norm': '0.5278', 'learning_rate': '4.6e-06', 'epoch': '0.744'}

  5%|▍         | 93/2000 [19:26<4:45:35,  8.99s/it]
  5%|▍         | 94/2000 [19:34<4:37:23,  8.73s/it]
                                                   
{'loss': '1.208', 'grad_norm': '0.8704', 'learning_rate': '4.65e-06', 'epoch': '0.752'}

  5%|▍         | 94/2000 [19:34<4:37:23,  8.73s/it]
  5%|▍         | 95/2000 [19:42<4:35:23,  8.67s/it]
                                                   
{'loss': '1.235', 'grad_norm': '0.5235', 'learning_rate': '4.7e-06', 'epoch': '0.76'}

  5%|▍         | 95/2000 [19:42<4:35:23,  8.67s/it]
  5%|▍         | 96/2000 [19:51<4:35:31,  8.68s/it]
                                                   
{'loss': '0.978', 'grad_norm': '0.4425', 'learning_rate': '4.75e-06', 'epoch': '0.768'}

  5%|▍         | 96/2000 [19:51<4:35:31,  8.68s/it]
  5%|▍         | 97/2000 [20:00<4:35:04,  8.67s/it]
                                                   
{'loss': '1.635', 'grad_norm': '0.8932', 'learning_rate': '4.8e-06', 'epoch': '0.776'}

  5%|▍         | 97/2000 [20:00<4:35:04,  8.67s/it]
  5%|▍         | 98/2000 [20:09<4:43:49,  8.95s/it]
                                                   
{'loss': '0.9814', 'grad_norm': '0.4146', 'learning_rate': '4.85e-06', 'epoch': '0.784'}

  5%|▍         | 98/2000 [20:09<4:43:49,  8.95s/it]
  5%|▍         | 99/2000 [20:17<4:35:50,  8.71s/it]
                                                   
{'loss': '1.392', 'grad_norm': '0.9827', 'learning_rate': '4.9e-06', 'epoch': '0.792'}

  5%|▍         | 99/2000 [20:17<4:35:50,  8.71s/it]
  5%|▌         | 100/2000 [20:27<4:39:57,  8.84s/it]
                                                    
{'loss': '1.351', 'grad_norm': '0.8385', 'learning_rate': '4.95e-06', 'epoch': '0.8'}

  5%|▌         | 100/2000 [20:27<4:39:57,  8.84s/it]
  5%|▌         | 101/2000 [20:35<4:37:10,  8.76s/it]
                                                    
{'loss': '0.9563', 'grad_norm': '0.3945', 'learning_rate': '5e-06', 'epoch': '0.808'}

  5%|▌         | 101/2000 [20:35<4:37:10,  8.76s/it]
  5%|▌         | 102/2000 [20:44<4:33:40,  8.65s/it]
                                                    
{'loss': '1.614', 'grad_norm': '0.8727', 'learning_rate': '5.05e-06', 'epoch': '0.816'}

  5%|▌         | 102/2000 [20:44<4:33:40,  8.65s/it]
  5%|▌         | 103/2000 [20:53<4:38:45,  8.82s/it]
                                                    
{'loss': '1.346', 'grad_norm': '1.096', 'learning_rate': '5.1e-06', 'epoch': '0.824'}

  5%|▌         | 103/2000 [20:53<4:38:45,  8.82s/it]
  5%|▌         | 104/2000 [21:02<4:45:41,  9.04s/it]
                                                    
{'loss': '1.39', 'grad_norm': '0.6503', 'learning_rate': '5.15e-06', 'epoch': '0.832'}

  5%|▌         | 104/2000 [21:02<4:45:41,  9.04s/it]
  5%|▌         | 105/2000 [21:11<4:42:02,  8.93s/it]
                                                    
{'loss': '1.007', 'grad_norm': '0.5869', 'learning_rate': '5.2e-06', 'epoch': '0.84'}

  5%|▌         | 105/2000 [21:11<4:42:02,  8.93s/it]
  5%|▌         | 106/2000 [21:20<4:43:52,  8.99s/it]
                                                    
{'loss': '1.254', 'grad_norm': '0.8519', 'learning_rate': '5.25e-06', 'epoch': '0.848'}

  5%|▌         | 106/2000 [21:20<4:43:52,  8.99s/it]
  5%|▌         | 107/2000 [21:29<4:37:57,  8.81s/it]
                                                    
{'loss': '1.68', 'grad_norm': '2.054', 'learning_rate': '5.3e-06', 'epoch': '0.856'}

  5%|▌         | 107/2000 [21:29<4:37:57,  8.81s/it]
  5%|▌         | 108/2000 [21:38<4:42:11,  8.95s/it]
                                                    
{'loss': '1.298', 'grad_norm': '0.5687', 'learning_rate': '5.35e-06', 'epoch': '0.864'}

  5%|▌         | 108/2000 [21:38<4:42:11,  8.95s/it]
  5%|▌         | 109/2000 [21:46<4:35:19,  8.74s/it]
                                                    
{'loss': '1.733', 'grad_norm': '0.9051', 'learning_rate': '5.4e-06', 'epoch': '0.872'}

  5%|▌         | 109/2000 [21:46<4:35:19,  8.74s/it]
  6%|▌         | 110/2000 [21:56<4:43:52,  9.01s/it]
                                                    
{'loss': '1.365', 'grad_norm': '0.9289', 'learning_rate': '5.45e-06', 'epoch': '0.88'}

  6%|▌         | 110/2000 [21:56<4:43:52,  9.01s/it]
  6%|▌         | 111/2000 [22:04<4:35:12,  8.74s/it]
                                                    
{'loss': '1.407', 'grad_norm': '0.9836', 'learning_rate': '5.5e-06', 'epoch': '0.888'}

  6%|▌         | 111/2000 [22:04<4:35:12,  8.74s/it]
  6%|▌         | 112/2000 [22:13<4:38:28,  8.85s/it]
                                                    
{'loss': '1.185', 'grad_norm': '1.003', 'learning_rate': '5.55e-06', 'epoch': '0.896'}

  6%|▌         | 112/2000 [22:13<4:38:28,  8.85s/it]
  6%|▌         | 113/2000 [22:22<4:36:13,  8.78s/it]
                                                    
{'loss': '1.279', 'grad_norm': '0.8245', 'learning_rate': '5.6e-06', 'epoch': '0.904'}

  6%|▌         | 113/2000 [22:22<4:36:13,  8.78s/it]
  6%|▌         | 114/2000 [22:30<4:33:20,  8.70s/it]
                                                    
{'loss': '1.251', 'grad_norm': '1.052', 'learning_rate': '5.65e-06', 'epoch': '0.912'}

  6%|▌         | 114/2000 [22:30<4:33:20,  8.70s/it]
  6%|▌         | 115/2000 [22:43<5:08:20,  9.81s/it]
                                                    
{'loss': '1.393', 'grad_norm': '0.4515', 'learning_rate': '5.7e-06', 'epoch': '0.92'}

  6%|▌         | 115/2000 [22:43<5:08:20,  9.81s/it]
  6%|▌         | 116/2000 [22:51<4:56:08,  9.43s/it]
                                                    
{'loss': '1.25', 'grad_norm': '0.4095', 'learning_rate': '5.75e-06', 'epoch': '0.928'}

  6%|▌         | 116/2000 [22:51<4:56:08,  9.43s/it]
  6%|▌         | 117/2000 [23:00<4:50:56,  9.27s/it]
                                                    
{'loss': '1.17', 'grad_norm': '0.3785', 'learning_rate': '5.8e-06', 'epoch': '0.936'}

  6%|▌         | 117/2000 [23:00<4:50:56,  9.27s/it]
  6%|▌         | 118/2000 [23:09<4:46:50,  9.14s/it]
                                                    
{'loss': '1.238', 'grad_norm': '0.5868', 'learning_rate': '5.85e-06', 'epoch': '0.944'}

  6%|▌         | 118/2000 [23:09<4:46:50,  9.14s/it]
  6%|▌         | 119/2000 [23:17<4:39:34,  8.92s/it]
                                                    
{'loss': '1.176', 'grad_norm': '1.246', 'learning_rate': '5.9e-06', 'epoch': '0.952'}

  6%|▌         | 119/2000 [23:17<4:39:34,  8.92s/it]
  6%|▌         | 120/2000 [23:26<4:38:26,  8.89s/it]
                                                    
{'loss': '1.436', 'grad_norm': '1.315', 'learning_rate': '5.95e-06', 'epoch': '0.96'}

  6%|▌         | 120/2000 [23:26<4:38:26,  8.89s/it]
  6%|▌         | 121/2000 [23:35<4:37:44,  8.87s/it]
                                                    
{'loss': '1.253', 'grad_norm': '0.8466', 'learning_rate': '6e-06', 'epoch': '0.968'}

  6%|▌         | 121/2000 [23:35<4:37:44,  8.87s/it]
  6%|▌         | 122/2000 [23:44<4:39:22,  8.93s/it]
                                                    
{'loss': '0.9634', 'grad_norm': '0.3098', 'learning_rate': '6.05e-06', 'epoch': '0.976'}

  6%|▌         | 122/2000 [23:44<4:39:22,  8.93s/it]
  6%|▌         | 123/2000 [23:53<4:40:23,  8.96s/it]
                                                    
{'loss': '0.9253', 'grad_norm': '0.8045', 'learning_rate': '6.1e-06', 'epoch': '0.984'}

  6%|▌         | 123/2000 [23:53<4:40:23,  8.96s/it]
  6%|▌         | 124/2000 [24:02<4:43:14,  9.06s/it]
                                                    
{'loss': '1.101', 'grad_norm': '0.7752', 'learning_rate': '6.15e-06', 'epoch': '0.992'}

  6%|▌         | 124/2000 [24:02<4:43:14,  9.06s/it]
  6%|▋         | 125/2000 [24:11<4:42:15,  9.03s/it]
                                                    
{'loss': '1.116', 'grad_norm': '0.3275', 'learning_rate': '6.2e-06', 'epoch': '1'}

  6%|▋         | 125/2000 [24:11<4:42:15,  9.03s/it]/root/miniconda3/envs/myc_lf_py312/lib/python3.12/multiprocessing/popen_fork.py:66: DeprecationWarning: This process (pid=1621937) is multi-threaded, use of fork() may lead to deadlocks in the child.
  self.pid = os.fork()
/root/miniconda3/envs/myc_lf_py312/lib/python3.12/multiprocessing/popen_fork.py:66: DeprecationWarning: This process (pid=1621943) is multi-threaded, use of fork() may lead to deadlocks in the child.
  self.pid = os.fork()
/root/miniconda3/envs/myc_lf_py312/lib/python3.12/multiprocessing/popen_fork.py:66: DeprecationWarning: This process (pid=1621944) is multi-threaded, use of fork() may lead to deadlocks in the child.
  self.pid = os.fork()
/root/miniconda3/envs/myc_lf_py312/lib/python3.12/multiprocessing/popen_fork.py:66: DeprecationWarning: This process (pid=1621941) is multi-threaded, use of fork() may lead to deadlocks in the child.
  self.pid = os.fork()
/root/miniconda3/envs/myc_lf_py312/lib/python3.12/multiprocessing/popen_fork.py:66: DeprecationWarning: This process (pid=1621942) is multi-threaded, use of fork() may lead to deadlocks in the child.
  self.pid = os.fork()
/root/miniconda3/envs/myc_lf_py312/lib/python3.12/multiprocessing/popen_fork.py:66: DeprecationWarning: This process (pid=1621939) is multi-threaded, use of fork() may lead to deadlocks in the child.
  self.pid = os.fork()
/root/miniconda3/envs/myc_lf_py312/lib/python3.12/multiprocessing/popen_fork.py:66: DeprecationWarning: This process (pid=1621940) is multi-threaded, use of fork() may lead to deadlocks in the child.
  self.pid = os.fork()
/root/miniconda3/envs/myc_lf_py312/lib/python3.12/multiprocessing/popen_fork.py:66: DeprecationWarning: This process (pid=1621938) is multi-threaded, use of fork() may lead to deadlocks in the child.
  self.pid = os.fork()

  6%|▋         | 126/2000 [24:21<4:47:22,  9.20s/it]
                                                    
{'loss': '1.065', 'grad_norm': '0.4688', 'learning_rate': '6.25e-06', 'epoch': '1.008'}

  6%|▋         | 126/2000 [24:21<4:47:22,  9.20s/it]
  6%|▋         | 127/2000 [24:30<4:48:24,  9.24s/it]
                                                    
{'loss': '1.47', 'grad_norm': '0.6236', 'learning_rate': '6.3e-06', 'epoch': '1.016'}

  6%|▋         | 127/2000 [24:30<4:48:24,  9.24s/it]
  6%|▋         | 128/2000 [24:42<5:09:38,  9.92s/it]
                                                    
{'loss': '1.282', 'grad_norm': '0.5759', 'learning_rate': '6.35e-06', 'epoch': '1.024'}

  6%|▋         | 128/2000 [24:42<5:09:38,  9.92s/it]
  6%|▋         | 129/2000 [24:51<5:00:07,  9.62s/it]
                                                    
{'loss': '0.9639', 'grad_norm': '0.4089', 'learning_rate': '6.4e-06', 'epoch': '1.032'}

  6%|▋         | 129/2000 [24:51<5:00:07,  9.62s/it]
