  0%|          | 1/2000 [07:52<262:17:07, 472.35s/it]
                                                     
{'loss': '1.128', 'grad_norm': '0.2185', 'learning_rate': '1e-06', 'epoch': '0.1667'}

  0%|          | 1/2000 [07:52<262:17:07, 472.35s/it]
  0%|          | 2/2000 [08:06<112:27:07, 202.62s/it]
                                                     
{'loss': '1.095', 'grad_norm': '0.2104', 'learning_rate': '1e-06', 'epoch': '0.3333'}

  0%|          | 2/2000 [08:06<112:27:07, 202.62s/it]
  0%|          | 3/2000 [08:18<64:15:23, 115.84s/it] 
                                                    
{'loss': '1.143', 'grad_norm': '0.1528', 'learning_rate': '1e-06', 'epoch': '0.5'}

  0%|          | 3/2000 [08:18<64:15:23, 115.84s/it]
  0%|          | 4/2000 [08:33<42:04:20, 75.88s/it] 
                                                   
{'loss': '1.116', 'grad_norm': '0.1963', 'learning_rate': '1e-06', 'epoch': '0.6667'}

  0%|          | 4/2000 [08:33<42:04:20, 75.88s/it]
  0%|          | 5/2000 [08:45<29:18:05, 52.87s/it]
                                                   
{'loss': '1.177', 'grad_norm': '0.2356', 'learning_rate': '1e-06', 'epoch': '0.8333'}

  0%|          | 5/2000 [08:45<29:18:05, 52.87s/it]
  0%|          | 6/2000 [09:00<22:09:39, 40.01s/it]
                                                   
{'loss': '1.043', 'grad_norm': '0.1651', 'learning_rate': '1e-06', 'epoch': '1'}

  0%|          | 6/2000 [09:00<22:09:39, 40.01s/it]
  0%|          | 7/2000 [09:13<17:19:35, 31.30s/it]
                                                   
{'loss': '1.077', 'grad_norm': '0.1745', 'learning_rate': '1e-06', 'epoch': '1.167'}

  0%|          | 7/2000 [09:13<17:19:35, 31.30s/it]
  0%|          | 8/2000 [09:30<14:42:39, 26.59s/it]
                                                   
{'loss': '1.197', 'grad_norm': '0.2119', 'learning_rate': '1e-06', 'epoch': '1.333'}

  0%|          | 8/2000 [09:30<14:42:39, 26.59s/it]
  0%|          | 9/2000 [09:42<12:11:07, 22.03s/it]
                                                   
{'loss': '1.087', 'grad_norm': '0.1662', 'learning_rate': '1e-06', 'epoch': '1.5'}

  0%|          | 9/2000 [09:42<12:11:07, 22.03s/it]
  0%|          | 10/2000 [09:57<10:59:54, 19.90s/it]
                                                    
{'loss': '1.142', 'grad_norm': '0.2065', 'learning_rate': '1e-06', 'epoch': '1.667'}

  0%|          | 10/2000 [09:57<10:59:54, 19.90s/it]
  1%|          | 11/2000 [10:09<9:44:05, 17.62s/it] 
                                                   
{'loss': '1.096', 'grad_norm': '0.22', 'learning_rate': '1e-06', 'epoch': '1.833'}

  1%|          | 11/2000 [10:09<9:44:05, 17.62s/it]
  1%|          | 12/2000 [10:25<9:21:52, 16.96s/it]
                                                   
{'loss': '1.078', 'grad_norm': '0.1813', 'learning_rate': '1e-06', 'epoch': '2'}

  1%|          | 12/2000 [10:25<9:21:52, 16.96s/it]
  1%|          | 13/2000 [10:39<8:54:18, 16.13s/it]
                                                   
{'loss': '1.08', 'grad_norm': '0.1379', 'learning_rate': '1e-06', 'epoch': '2.167'}

  1%|          | 13/2000 [10:39<8:54:18, 16.13s/it]
  1%|          | 14/2000 [10:55<8:48:12, 15.96s/it]
                                                   
{'loss': '1.109', 'grad_norm': '0.1574', 'learning_rate': '1e-06', 'epoch': '2.333'}

  1%|          | 14/2000 [10:55<8:48:12, 15.96s/it]
  1%|          | 15/2000 [11:07<8:14:40, 14.95s/it]
                                                   
{'loss': '1.088', 'grad_norm': '0.2013', 'learning_rate': '1e-06', 'epoch': '2.5'}

  1%|          | 15/2000 [11:07<8:14:40, 14.95s/it]
  1%|          | 16/2000 [11:22<8:16:40, 15.02s/it]
                                                   
{'loss': '1.109', 'grad_norm': '0.2151', 'learning_rate': '1e-06', 'epoch': '2.667'}

  1%|          | 16/2000 [11:23<8:16:40, 15.02s/it]
  1%|          | 17/2000 [11:38<8:20:39, 15.15s/it]
                                                   
{'loss': '1.083', 'grad_norm': '0.2034', 'learning_rate': '1e-06', 'epoch': '2.833'}

  1%|          | 17/2000 [11:38<8:20:39, 15.15s/it]
  1%|          | 18/2000 [11:53<8:20:34, 15.15s/it]
                                                   
{'loss': '1.231', 'grad_norm': '0.2424', 'learning_rate': '1e-06', 'epoch': '3'}

  1%|          | 18/2000 [11:53<8:20:34, 15.15s/it]
  1%|          | 19/2000 [12:08<8:15:26, 15.01s/it]
                                                   
{'loss': '1.13', 'grad_norm': '0.1701', 'learning_rate': '1e-06', 'epoch': '3.167'}

  1%|          | 19/2000 [12:08<8:15:26, 15.01s/it]
  1%|          | 20/2000 [12:23<8:15:15, 15.01s/it]
                                                   
{'loss': '1.072', 'grad_norm': '0.1797', 'learning_rate': '1e-06', 'epoch': '3.333'}

  1%|          | 20/2000 [12:23<8:15:15, 15.01s/it]
  1%|          | 21/2000 [12:36<8:00:10, 14.56s/it]
                                                   
{'loss': '1.191', 'grad_norm': '0.2343', 'learning_rate': '1e-06', 'epoch': '3.5'}

  1%|          | 21/2000 [12:37<8:00:10, 14.56s/it]
  1%|          | 22/2000 [12:51<8:04:53, 14.71s/it]
                                                   
{'loss': '1.093', 'grad_norm': '0.1527', 'learning_rate': '1e-06', 'epoch': '3.667'}

  1%|          | 22/2000 [12:51<8:04:53, 14.71s/it]
  1%|          | 23/2000 [13:05<7:52:34, 14.34s/it]
                                                   
{'loss': '1.077', 'grad_norm': '0.249', 'learning_rate': '1e-06', 'epoch': '3.833'}

  1%|          | 23/2000 [13:05<7:52:34, 14.34s/it]
  1%|          | 24/2000 [13:19<7:55:14, 14.43s/it]
                                                   
{'loss': '1.115', 'grad_norm': '0.185', 'learning_rate': '1e-06', 'epoch': '4'}

  1%|          | 24/2000 [13:19<7:55:14, 14.43s/it]
  1%|▏         | 25/2000 [13:35<8:03:52, 14.70s/it]
                                                   
{'loss': '1.074', 'grad_norm': '0.1439', 'learning_rate': '1e-06', 'epoch': '4.167'}

  1%|▏         | 25/2000 [13:35<8:03:52, 14.70s/it]
  1%|▏         | 26/2000 [13:50<8:06:23, 14.78s/it]
                                                   
{'loss': '1.106', 'grad_norm': '0.2662', 'learning_rate': '1e-06', 'epoch': '4.333'}

  1%|▏         | 26/2000 [13:50<8:06:23, 14.78s/it]
  1%|▏         | 27/2000 [14:03<7:54:32, 14.43s/it]
                                                   
{'loss': '1.229', 'grad_norm': '0.2662', 'learning_rate': '1e-06', 'epoch': '4.5'}

  1%|▏         | 27/2000 [14:03<7:54:32, 14.43s/it]
  1%|▏         | 28/2000 [14:17<7:51:14, 14.34s/it]
                                                   
{'loss': '1.09', 'grad_norm': '0.1837', 'learning_rate': '1e-06', 'epoch': '4.667'}

  1%|▏         | 28/2000 [14:17<7:51:14, 14.34s/it]
  1%|▏         | 29/2000 [14:31<7:45:37, 14.17s/it]
                                                   
{'loss': '1.104', 'grad_norm': '0.1631', 'learning_rate': '1e-06', 'epoch': '4.833'}

  1%|▏         | 29/2000 [14:32<7:45:37, 14.17s/it]
  2%|▏         | 30/2000 [14:46<7:46:43, 14.21s/it]
                                                   
{'loss': '1.082', 'grad_norm': '0.1589', 'learning_rate': '1e-06', 'epoch': '5'}

  2%|▏         | 30/2000 [14:46<7:46:43, 14.21s/it]
  2%|▏         | 31/2000 [15:01<7:58:15, 14.57s/it]
                                                   
{'loss': '1.186', 'grad_norm': '0.2235', 'learning_rate': '1e-06', 'epoch': '5.167'}

  2%|▏         | 31/2000 [15:01<7:58:15, 14.57s/it]
  2%|▏         | 32/2000 [15:17<8:12:09, 15.00s/it]
                                                   
{'loss': '1.151', 'grad_norm': '0.227', 'learning_rate': '1e-06', 'epoch': '5.333'}

  2%|▏         | 32/2000 [15:17<8:12:09, 15.00s/it]
  2%|▏         | 33/2000 [15:31<8:03:18, 14.74s/it]
                                                   
{'loss': '1.154', 'grad_norm': '0.2266', 'learning_rate': '1e-06', 'epoch': '5.5'}

  2%|▏         | 33/2000 [15:31<8:03:18, 14.74s/it]
  2%|▏         | 34/2000 [15:45<7:53:39, 14.46s/it]
                                                   
{'loss': '1.08', 'grad_norm': '0.1594', 'learning_rate': '1e-06', 'epoch': '5.667'}

  2%|▏         | 34/2000 [15:45<7:53:39, 14.46s/it]
  2%|▏         | 35/2000 [15:58<7:43:08, 14.14s/it]
                                                   
{'loss': '1.018', 'grad_norm': '0.1516', 'learning_rate': '1e-06', 'epoch': '5.833'}

  2%|▏         | 35/2000 [15:59<7:43:08, 14.14s/it]
  2%|▏         | 36/2000 [16:13<7:43:56, 14.17s/it]
                                                   
{'loss': '1.128', 'grad_norm': '0.2346', 'learning_rate': '1e-06', 'epoch': '6'}

  2%|▏         | 36/2000 [16:13<7:43:56, 14.17s/it]
  2%|▏         | 37/2000 [16:28<7:53:20, 14.47s/it]
                                                   
{'loss': '1.039', 'grad_norm': '0.177', 'learning_rate': '1e-06', 'epoch': '6.167'}

  2%|▏         | 37/2000 [16:28<7:53:20, 14.47s/it]
  2%|▏         | 38/2000 [16:42<7:47:44, 14.30s/it]
                                                   
{'loss': '1.245', 'grad_norm': '0.2507', 'learning_rate': '1e-06', 'epoch': '6.333'}

  2%|▏         | 38/2000 [16:42<7:47:44, 14.30s/it]
  2%|▏         | 39/2000 [16:56<7:43:24, 14.18s/it]
                                                   
{'loss': '1.118', 'grad_norm': '0.2186', 'learning_rate': '1e-06', 'epoch': '6.5'}

  2%|▏         | 39/2000 [16:56<7:43:24, 14.18s/it]
